mode: set
github.com/LWDJD/ipfar-sdk/verify/ipfs/car.go:84.64,86.16 2 1
github.com/LWDJD/ipfar-sdk/verify/ipfs/car.go:86.16,88.3 1 1
github.com/LWDJD/ipfar-sdk/verify/ipfs/car.go:90.2,91.16 2 1
github.com/LWDJD/ipfar-sdk/verify/ipfs/car.go:91.16,94.3 2 0
github.com/LWDJD/ipfar-sdk/verify/ipfs/car.go:96.2,103.8 1 1
github.com/LWDJD/ipfar-sdk/verify/ipfs/car.go:107.81,108.19 1 1
github.com/LWDJD/ipfar-sdk/verify/ipfs/car.go:108.19,110.3 1 1
github.com/LWDJD/ipfar-sdk/verify/ipfs/car.go:111.2,111.15 1 1
github.com/LWDJD/ipfar-sdk/verify/ipfs/car.go:111.15,113.3 1 1
github.com/LWDJD/ipfar-sdk/verify/ipfs/car.go:115.2,121.8 1 1
github.com/LWDJD/ipfar-sdk/verify/ipfs/car.go:125.35,126.44 1 1
github.com/LWDJD/ipfar-sdk/verify/ipfs/car.go:126.44,128.3 1 1
github.com/LWDJD/ipfar-sdk/verify/ipfs/car.go:129.2,129.12 1 0
github.com/LWDJD/ipfar-sdk/verify/ipfs/car.go:134.51,135.25 1 1
github.com/LWDJD/ipfar-sdk/verify/ipfs/car.go:135.25,137.3 1 1
github.com/LWDJD/ipfar-sdk/verify/ipfs/car.go:139.2,140.16 2 1
github.com/LWDJD/ipfar-sdk/verify/ipfs/car.go:140.16,142.3 1 1
github.com/LWDJD/ipfar-sdk/verify/ipfs/car.go:144.2,144.17 1 1
github.com/LWDJD/ipfar-sdk/verify/ipfs/car.go:145.9,146.28 1 1
github.com/LWDJD/ipfar-sdk/verify/ipfs/car.go:147.9,148.28 1 1
github.com/LWDJD/ipfar-sdk/verify/ipfs/car.go:149.10,150.67 1 1
github.com/LWDJD/ipfar-sdk/verify/ipfs/car.go:160.48,163.16 3 1
github.com/LWDJD/ipfar-sdk/verify/ipfs/car.go:163.16,165.3 1 1
github.com/LWDJD/ipfar-sdk/verify/ipfs/car.go:166.2,166.18 1 1
github.com/LWDJD/ipfar-sdk/verify/ipfs/car.go:169.57,171.16 2 1
github.com/LWDJD/ipfar-sdk/verify/ipfs/car.go:171.16,173.3 1 1
github.com/LWDJD/ipfar-sdk/verify/ipfs/car.go:174.2,174.15 1 1
github.com/LWDJD/ipfar-sdk/verify/ipfs/car.go:178.51,181.33 3 1
github.com/LWDJD/ipfar-sdk/verify/ipfs/car.go:181.33,183.3 1 0
github.com/LWDJD/ipfar-sdk/verify/ipfs/car.go:184.2,184.11 1 1
github.com/LWDJD/ipfar-sdk/verify/ipfs/car.go:184.11,186.3 1 1
github.com/LWDJD/ipfar-sdk/verify/ipfs/car.go:188.2,188.39 1 1
github.com/LWDJD/ipfar-sdk/verify/ipfs/car.go:188.39,190.3 1 1
github.com/LWDJD/ipfar-sdk/verify/ipfs/car.go:192.2,193.16 2 1
github.com/LWDJD/ipfar-sdk/verify/ipfs/car.go:193.16,195.3 1 0
github.com/LWDJD/ipfar-sdk/verify/ipfs/car.go:197.2,197.21 1 1
github.com/LWDJD/ipfar-sdk/verify/ipfs/car.go:201.56,203.16 2 1
github.com/LWDJD/ipfar-sdk/verify/ipfs/car.go:203.16,205.3 1 0
github.com/LWDJD/ipfar-sdk/verify/ipfs/car.go:207.2,213.20 6 1
github.com/LWDJD/ipfar-sdk/verify/ipfs/car.go:217.56,219.16 2 1
github.com/LWDJD/ipfar-sdk/verify/ipfs/car.go:219.16,221.3 1 0
github.com/LWDJD/ipfar-sdk/verify/ipfs/car.go:223.2,224.16 2 1
github.com/LWDJD/ipfar-sdk/verify/ipfs/car.go:224.16,226.3 1 0
github.com/LWDJD/ipfar-sdk/verify/ipfs/car.go:228.2,236.20 8 1
github.com/LWDJD/ipfar-sdk/verify/ipfs/car.go:240.66,242.2 1 1
github.com/LWDJD/ipfar-sdk/verify/ipfs/car.go:245.80,249.16 3 1
github.com/LWDJD/ipfar-sdk/verify/ipfs/car.go:249.16,251.3 1 0
github.com/LWDJD/ipfar-sdk/verify/ipfs/car.go:253.2,253.18 1 1
github.com/LWDJD/ipfar-sdk/verify/ipfs/car.go:253.18,255.3 1 0
github.com/LWDJD/ipfar-sdk/verify/ipfs/car.go:257.2,258.16 2 1
github.com/LWDJD/ipfar-sdk/verify/ipfs/car.go:258.16,260.3 1 0
github.com/LWDJD/ipfar-sdk/verify/ipfs/car.go:262.2,266.41 3 1
github.com/LWDJD/ipfar-sdk/verify/ipfs/car.go:266.41,268.17 2 1
github.com/LWDJD/ipfar-sdk/verify/ipfs/car.go:268.17,270.4 1 0
github.com/LWDJD/ipfar-sdk/verify/ipfs/car.go:272.3,274.17 3 1
github.com/LWDJD/ipfar-sdk/verify/ipfs/car.go:274.17,276.4 1 0
github.com/LWDJD/ipfar-sdk/verify/ipfs/car.go:277.3,277.26 1 1
github.com/LWDJD/ipfar-sdk/verify/ipfs/car.go:277.26,279.4 1 0
github.com/LWDJD/ipfar-sdk/verify/ipfs/car.go:281.3,282.17 2 1
github.com/LWDJD/ipfar-sdk/verify/ipfs/car.go:282.17,284.4 1 0
github.com/LWDJD/ipfar-sdk/verify/ipfs/car.go:286.3,287.27 2 1
github.com/LWDJD/ipfar-sdk/verify/ipfs/car.go:290.2,290.31 1 1
github.com/LWDJD/ipfar-sdk/verify/ipfs/car.go:294.61,297.16 3 1
github.com/LWDJD/ipfar-sdk/verify/ipfs/car.go:297.16,299.3 1 0
github.com/LWDJD/ipfar-sdk/verify/ipfs/car.go:300.2,300.12 1 1
github.com/LWDJD/ipfar-sdk/verify/ipfs/car.go:300.12,302.3 1 0
github.com/LWDJD/ipfar-sdk/verify/ipfs/car.go:304.2,311.28 7 1
github.com/LWDJD/ipfar-sdk/verify/ipfs/car.go:311.28,313.3 1 0
github.com/LWDJD/ipfar-sdk/verify/ipfs/car.go:315.2,315.20 1 1
github.com/LWDJD/ipfar-sdk/verify/ipfs/car.go:319.64,322.16 3 1
github.com/LWDJD/ipfar-sdk/verify/ipfs/car.go:322.16,324.3 1 1
github.com/LWDJD/ipfar-sdk/verify/ipfs/car.go:325.2,325.19 1 1
github.com/LWDJD/ipfar-sdk/verify/ipfs/car.go:330.73,333.16 3 1
github.com/LWDJD/ipfar-sdk/verify/ipfs/car.go:333.16,335.3 1 0
github.com/LWDJD/ipfar-sdk/verify/ipfs/car.go:336.2,337.30 2 1
github.com/LWDJD/ipfar-sdk/verify/ipfs/car.go:341.66,343.16 2 1
github.com/LWDJD/ipfar-sdk/verify/ipfs/car.go:343.16,345.3 1 0
github.com/LWDJD/ipfar-sdk/verify/ipfs/car.go:347.2,347.43 1 1
github.com/LWDJD/ipfar-sdk/verify/ipfs/car.go:347.43,349.3 1 1
github.com/LWDJD/ipfar-sdk/verify/ipfs/car.go:351.2,351.34 1 1
github.com/LWDJD/ipfar-sdk/verify/ipfs/car.go:351.34,352.37 1 1
github.com/LWDJD/ipfar-sdk/verify/ipfs/car.go:352.37,354.4 1 1
github.com/LWDJD/ipfar-sdk/verify/ipfs/car.go:357.2,357.12 1 1
github.com/LWDJD/ipfar-sdk/verify/ipfs/car.go:361.43,363.16 2 1
github.com/LWDJD/ipfar-sdk/verify/ipfs/car.go:363.16,365.3 1 0
github.com/LWDJD/ipfar-sdk/verify/ipfs/car.go:367.2,367.23 1 1
github.com/LWDJD/ipfar-sdk/verify/ipfs/car.go:367.23,369.3 1 1
github.com/LWDJD/ipfar-sdk/verify/ipfs/car.go:371.2,371.20 1 0
github.com/LWDJD/ipfar-sdk/verify/ipfs/car.go:371.20,373.3 1 0
github.com/LWDJD/ipfar-sdk/verify/ipfs/car.go:375.2,375.58 1 0
github.com/LWDJD/ipfar-sdk/verify/ipfs/car.go:375.58,377.3 1 0
github.com/LWDJD/ipfar-sdk/verify/ipfs/car.go:379.2,379.12 1 0
github.com/LWDJD/ipfar-sdk/verify/ipfs/car.go:384.65,387.2 2 1
github.com/LWDJD/ipfar-sdk/verify/ipfs/car.go:390.81,393.2 2 1
github.com/LWDJD/ipfar-sdk/verify/ipfs/car.go:396.87,398.16 2 1
github.com/LWDJD/ipfar-sdk/verify/ipfs/car.go:398.16,400.3 1 0
github.com/LWDJD/ipfar-sdk/verify/ipfs/car.go:402.2,405.25 3 1
github.com/LWDJD/ipfar-sdk/verify/ipfs/car.go:405.25,407.17 2 1
github.com/LWDJD/ipfar-sdk/verify/ipfs/car.go:407.17,408.21 1 0
github.com/LWDJD/ipfar-sdk/verify/ipfs/car.go:408.21,409.10 1 0
github.com/LWDJD/ipfar-sdk/verify/ipfs/car.go:411.4,411.94 1 0
github.com/LWDJD/ipfar-sdk/verify/ipfs/car.go:414.3,414.22 1 1
github.com/LWDJD/ipfar-sdk/verify/ipfs/car.go:414.22,415.9 1 0
github.com/LWDJD/ipfar-sdk/verify/ipfs/car.go:418.3,421.34 4 1
github.com/LWDJD/ipfar-sdk/verify/ipfs/car.go:421.34,423.4 1 0
github.com/LWDJD/ipfar-sdk/verify/ipfs/car.go:424.3,424.12 1 1
github.com/LWDJD/ipfar-sdk/verify/ipfs/car.go:424.12,426.4 1 0
github.com/LWDJD/ipfar-sdk/verify/ipfs/car.go:428.3,429.17 2 1
github.com/LWDJD/ipfar-sdk/verify/ipfs/car.go:429.17,431.4 1 0
github.com/LWDJD/ipfar-sdk/verify/ipfs/car.go:433.3,437.33 4 1
github.com/LWDJD/ipfar-sdk/verify/ipfs/car.go:437.33,440.18 3 1
github.com/LWDJD/ipfar-sdk/verify/ipfs/car.go:440.18,442.5 1 0
github.com/LWDJD/ipfar-sdk/verify/ipfs/car.go:443.4,443.28 1 1
github.com/LWDJD/ipfar-sdk/verify/ipfs/car.go:443.28,445.5 1 0
github.com/LWDJD/ipfar-sdk/verify/ipfs/car.go:447.4,459.31 3 1
github.com/LWDJD/ipfar-sdk/verify/ipfs/car.go:462.3,462.39 1 0
github.com/LWDJD/ipfar-sdk/verify/ipfs/car.go:465.2,465.77 1 0
github.com/LWDJD/ipfar-sdk/verify/ipfs/car.go:469.75,471.16 2 1
github.com/LWDJD/ipfar-sdk/verify/ipfs/car.go:471.16,473.3 1 0
github.com/LWDJD/ipfar-sdk/verify/ipfs/car.go:475.2,478.25 3 1
github.com/LWDJD/ipfar-sdk/verify/ipfs/car.go:478.25,480.17 2 1
github.com/LWDJD/ipfar-sdk/verify/ipfs/car.go:480.17,481.21 1 0
github.com/LWDJD/ipfar-sdk/verify/ipfs/car.go:481.21,482.10 1 0
github.com/LWDJD/ipfar-sdk/verify/ipfs/car.go:484.4,484.14 1 0
github.com/LWDJD/ipfar-sdk/verify/ipfs/car.go:487.3,487.40 1 1
github.com/LWDJD/ipfar-sdk/verify/ipfs/car.go:487.40,489.4 1 0
github.com/LWDJD/ipfar-sdk/verify/ipfs/car.go:492.3,493.17 2 1
github.com/LWDJD/ipfar-sdk/verify/ipfs/car.go:493.17,495.4 1 0
github.com/LWDJD/ipfar-sdk/verify/ipfs/car.go:496.3,496.60 1 1
github.com/LWDJD/ipfar-sdk/verify/ipfs/car.go:499.2,499.12 1 1
github.com/LWDJD/ipfar-sdk/verify/ipfs/car.go:503.96,505.16 2 1
github.com/LWDJD/ipfar-sdk/verify/ipfs/car.go:505.16,507.3 1 0
github.com/LWDJD/ipfar-sdk/verify/ipfs/car.go:509.2,509.21 1 1
github.com/LWDJD/ipfar-sdk/verify/ipfs/car.go:509.21,511.3 1 0
github.com/LWDJD/ipfar-sdk/verify/ipfs/car.go:513.2,516.33 4 1
github.com/LWDJD/ipfar-sdk/verify/ipfs/car.go:516.33,518.3 1 0
github.com/LWDJD/ipfar-sdk/verify/ipfs/car.go:519.2,519.11 1 1
github.com/LWDJD/ipfar-sdk/verify/ipfs/car.go:519.11,521.3 1 0
github.com/LWDJD/ipfar-sdk/verify/ipfs/car.go:523.2,524.16 2 1
github.com/LWDJD/ipfar-sdk/verify/ipfs/car.go:524.16,526.3 1 0
github.com/LWDJD/ipfar-sdk/verify/ipfs/car.go:528.2,534.16 6 1
github.com/LWDJD/ipfar-sdk/verify/ipfs/car.go:534.16,536.3 1 0
github.com/LWDJD/ipfar-sdk/verify/ipfs/car.go:537.2,537.26 1 1
github.com/LWDJD/ipfar-sdk/verify/ipfs/car.go:537.26,539.3 1 0
github.com/LWDJD/ipfar-sdk/verify/ipfs/car.go:541.2,553.29 3 1
github.com/LWDJD/ipfar-sdk/verify/ipfs/car.go:557.64,558.18 1 1
github.com/LWDJD/ipfar-sdk/verify/ipfs/car.go:558.18,560.3 1 0
github.com/LWDJD/ipfar-sdk/verify/ipfs/car.go:562.2,562.26 1 1
github.com/LWDJD/ipfar-sdk/verify/ipfs/car.go:562.26,564.3 1 0
github.com/LWDJD/ipfar-sdk/verify/ipfs/car.go:566.2,567.16 2 1
github.com/LWDJD/ipfar-sdk/verify/ipfs/car.go:567.16,569.3 1 0
github.com/LWDJD/ipfar-sdk/verify/ipfs/car.go:571.2,571.29 1 1
github.com/LWDJD/ipfar-sdk/verify/ipfs/car.go:571.29,573.3 1 0
github.com/LWDJD/ipfar-sdk/verify/ipfs/car.go:575.2,575.12 1 1
github.com/LWDJD/ipfar-sdk/verify/ipfs/car.go:579.54,580.31 1 1
github.com/LWDJD/ipfar-sdk/verify/ipfs/car.go:580.31,582.3 1 1
github.com/LWDJD/ipfar-sdk/verify/ipfs/car.go:584.2,585.16 2 1
github.com/LWDJD/ipfar-sdk/verify/ipfs/car.go:585.16,587.3 1 0
github.com/LWDJD/ipfar-sdk/verify/ipfs/car.go:589.2,589.12 1 1
github.com/LWDJD/ipfar-sdk/verify/ipfs/car.go:593.51,595.16 2 1
github.com/LWDJD/ipfar-sdk/verify/ipfs/car.go:595.16,597.3 1 0
github.com/LWDJD/ipfar-sdk/verify/ipfs/car.go:599.2,599.26 1 1
github.com/LWDJD/ipfar-sdk/verify/ipfs/car.go:599.26,601.3 1 0
github.com/LWDJD/ipfar-sdk/verify/ipfs/car.go:603.2,603.27 1 1
github.com/LWDJD/ipfar-sdk/verify/ipfs/car.go:607.54,609.16 2 1
github.com/LWDJD/ipfar-sdk/verify/ipfs/car.go:609.16,611.3 1 0
github.com/LWDJD/ipfar-sdk/verify/ipfs/car.go:613.2,613.24 1 1
github.com/LWDJD/ipfar-sdk/verify/ipfs/car.go:617.45,619.16 2 1
github.com/LWDJD/ipfar-sdk/verify/ipfs/car.go:619.16,621.3 1 0
github.com/LWDJD/ipfar-sdk/verify/ipfs/car.go:623.2,623.31 1 1
github.com/LWDJD/ipfar-sdk/verify/ipfs/car.go:627.46,629.16 2 1
github.com/LWDJD/ipfar-sdk/verify/ipfs/car.go:629.16,631.3 1 0
github.com/LWDJD/ipfar-sdk/verify/ipfs/car.go:633.2,633.27 1 1
github.com/LWDJD/ipfar-sdk/verify/ipfs/car.go:637.41,639.2 1 1
github.com/LWDJD/ipfar-sdk/verify/ipfs/car.go:642.49,643.25 1 1
github.com/LWDJD/ipfar-sdk/verify/ipfs/car.go:643.25,645.3 1 1
github.com/LWDJD/ipfar-sdk/verify/ipfs/car.go:646.2,646.20 1 1
github.com/LWDJD/ipfar-sdk/verify/ipfs/index.go:48.56,50.16 2 1
github.com/LWDJD/ipfar-sdk/verify/ipfs/index.go:50.16,52.3 1 0
github.com/LWDJD/ipfar-sdk/verify/ipfs/index.go:54.2,54.23 1 1
github.com/LWDJD/ipfar-sdk/verify/ipfs/index.go:54.23,56.3 1 0
github.com/LWDJD/ipfar-sdk/verify/ipfs/index.go:58.2,58.20 1 1
github.com/LWDJD/ipfar-sdk/verify/ipfs/index.go:58.20,60.3 1 0
github.com/LWDJD/ipfar-sdk/verify/ipfs/index.go:62.2,62.25 1 1
github.com/LWDJD/ipfar-sdk/verify/ipfs/index.go:62.25,64.3 1 0
github.com/LWDJD/ipfar-sdk/verify/ipfs/index.go:67.2,69.33 3 1
github.com/LWDJD/ipfar-sdk/verify/ipfs/index.go:69.33,71.3 1 0
github.com/LWDJD/ipfar-sdk/verify/ipfs/index.go:72.2,72.32 1 1
github.com/LWDJD/ipfar-sdk/verify/ipfs/index.go:72.32,74.3 1 0
github.com/LWDJD/ipfar-sdk/verify/ipfs/index.go:77.2,77.36 1 1
github.com/LWDJD/ipfar-sdk/verify/ipfs/index.go:90.71,91.20 1 1
github.com/LWDJD/ipfar-sdk/verify/ipfs/index.go:91.20,93.3 1 0
github.com/LWDJD/ipfar-sdk/verify/ipfs/index.go:95.2,98.25 3 1
github.com/LWDJD/ipfar-sdk/verify/ipfs/index.go:98.25,101.17 2 1
github.com/LWDJD/ipfar-sdk/verify/ipfs/index.go:101.17,103.9 1 0
github.com/LWDJD/ipfar-sdk/verify/ipfs/index.go:105.3,107.39 2 1
github.com/LWDJD/ipfar-sdk/verify/ipfs/index.go:107.39,109.4 1 0
github.com/LWDJD/ipfar-sdk/verify/ipfs/index.go:111.3,117.17 5 1
github.com/LWDJD/ipfar-sdk/verify/ipfs/index.go:117.17,119.4 1 0
github.com/LWDJD/ipfar-sdk/verify/ipfs/index.go:120.3,122.39 2 1
github.com/LWDJD/ipfar-sdk/verify/ipfs/index.go:122.39,124.4 1 0
github.com/LWDJD/ipfar-sdk/verify/ipfs/index.go:126.3,130.17 4 1
github.com/LWDJD/ipfar-sdk/verify/ipfs/index.go:130.17,132.4 1 0
github.com/LWDJD/ipfar-sdk/verify/ipfs/index.go:135.3,136.17 2 1
github.com/LWDJD/ipfar-sdk/verify/ipfs/index.go:136.17,138.4 1 0
github.com/LWDJD/ipfar-sdk/verify/ipfs/index.go:140.3,143.5 1 1
github.com/LWDJD/ipfar-sdk/verify/ipfs/index.go:148.2,148.23 1 1
github.com/LWDJD/ipfar-sdk/verify/ipfs/index.go:148.23,150.17 2 0
github.com/LWDJD/ipfar-sdk/verify/ipfs/index.go:150.17,152.4 1 0
github.com/LWDJD/ipfar-sdk/verify/ipfs/index.go:153.3,153.23 1 0
github.com/LWDJD/ipfar-sdk/verify/ipfs/index.go:153.23,155.4 1 0
github.com/LWDJD/ipfar-sdk/verify/ipfs/index.go:156.3,156.36 1 0
github.com/LWDJD/ipfar-sdk/verify/ipfs/index.go:159.2,159.21 1 1
github.com/LWDJD/ipfar-sdk/verify/ipfs/index.go:164.74,168.25 3 0
github.com/LWDJD/ipfar-sdk/verify/ipfs/index.go:168.25,171.17 2 0
github.com/LWDJD/ipfar-sdk/verify/ipfs/index.go:171.17,172.19 1 0
github.com/LWDJD/ipfar-sdk/verify/ipfs/index.go:172.19,174.5 1 0
github.com/LWDJD/ipfar-sdk/verify/ipfs/index.go:175.4,175.9 1 0
github.com/LWDJD/ipfar-sdk/verify/ipfs/index.go:177.3,179.52 2 0
github.com/LWDJD/ipfar-sdk/verify/ipfs/index.go:179.52,180.9 1 0
github.com/LWDJD/ipfar-sdk/verify/ipfs/index.go:183.3,187.17 4 0
github.com/LWDJD/ipfar-sdk/verify/ipfs/index.go:187.17,189.4 1 0
github.com/LWDJD/ipfar-sdk/verify/ipfs/index.go:192.3,193.17 2 0
github.com/LWDJD/ipfar-sdk/verify/ipfs/index.go:193.17,195.4 1 0
github.com/LWDJD/ipfar-sdk/verify/ipfs/index.go:196.3,201.5 2 0
github.com/LWDJD/ipfar-sdk/verify/ipfs/index.go:204.2,204.21 1 0
github.com/LWDJD/ipfar-sdk/verify/ipfs/index.go:209.66,210.20 1 1
github.com/LWDJD/ipfar-sdk/verify/ipfs/index.go:210.20,212.3 1 0
github.com/LWDJD/ipfar-sdk/verify/ipfs/index.go:213.2,214.16 2 1
github.com/LWDJD/ipfar-sdk/verify/ipfs/index.go:214.16,216.3 1 0
github.com/LWDJD/ipfar-sdk/verify/ipfs/index.go:217.2,217.12 1 1
github.com/LWDJD/ipfar-sdk/verify/ipfs/index.go:217.12,219.3 1 0
github.com/LWDJD/ipfar-sdk/verify/ipfs/index.go:220.2,220.22 1 1
github.com/LWDJD/ipfar-sdk/verify/ipfs/index.go:230.50,232.16 2 1
github.com/LWDJD/ipfar-sdk/verify/ipfs/index.go:232.16,234.3 1 1
github.com/LWDJD/ipfar-sdk/verify/ipfs/index.go:236.2,236.23 1 1
github.com/LWDJD/ipfar-sdk/verify/ipfs/index.go:236.23,238.3 1 0
github.com/LWDJD/ipfar-sdk/verify/ipfs/index.go:240.2,240.20 1 1
github.com/LWDJD/ipfar-sdk/verify/ipfs/index.go:240.20,242.3 1 0
github.com/LWDJD/ipfar-sdk/verify/ipfs/index.go:245.2,246.16 2 1
github.com/LWDJD/ipfar-sdk/verify/ipfs/index.go:246.16,248.3 1 0
github.com/LWDJD/ipfar-sdk/verify/ipfs/index.go:250.2,250.23 1 1
github.com/LWDJD/ipfar-sdk/verify/ipfs/index.go:250.23,252.3 1 0
github.com/LWDJD/ipfar-sdk/verify/ipfs/index.go:255.2,255.32 1 1
github.com/LWDJD/ipfar-sdk/verify/ipfs/index.go:255.32,257.40 1 1
github.com/LWDJD/ipfar-sdk/verify/ipfs/index.go:257.40,260.4 1 0
github.com/LWDJD/ipfar-sdk/verify/ipfs/index.go:263.3,263.62 1 1
github.com/LWDJD/ipfar-sdk/verify/ipfs/index.go:263.62,265.4 1 0
github.com/LWDJD/ipfar-sdk/verify/ipfs/index.go:268.2,268.12 1 1
github.com/LWDJD/ipfar-sdk/verify/ipfs/index.go:272.82,275.16 2 1
github.com/LWDJD/ipfar-sdk/verify/ipfs/index.go:275.16,277.3 1 1
github.com/LWDJD/ipfar-sdk/verify/ipfs/index.go:279.2,279.21 1 1
github.com/LWDJD/ipfar-sdk/verify/ipfs/index.go:279.21,281.3 1 0
github.com/LWDJD/ipfar-sdk/verify/ipfs/index.go:284.2,287.16 4 1
github.com/LWDJD/ipfar-sdk/verify/ipfs/index.go:287.16,289.3 1 0
github.com/LWDJD/ipfar-sdk/verify/ipfs/index.go:290.2,290.11 1 1
github.com/LWDJD/ipfar-sdk/verify/ipfs/index.go:290.11,292.3 1 0
github.com/LWDJD/ipfar-sdk/verify/ipfs/index.go:294.2,295.16 2 1
github.com/LWDJD/ipfar-sdk/verify/ipfs/index.go:295.16,297.3 1 0
github.com/LWDJD/ipfar-sdk/verify/ipfs/index.go:300.2,300.34 1 1
github.com/LWDJD/ipfar-sdk/verify/ipfs/index.go:300.34,303.3 1 0
github.com/LWDJD/ipfar-sdk/verify/ipfs/index.go:305.2,305.12 1 1
github.com/LWDJD/ipfar-sdk/verify/ipfs/index.go:310.53,312.16 2 1
github.com/LWDJD/ipfar-sdk/verify/ipfs/index.go:312.16,314.3 1 0
github.com/LWDJD/ipfar-sdk/verify/ipfs/index.go:316.2,316.41 1 1
github.com/LWDJD/ipfar-sdk/verify/ipfs/index.go:316.41,318.3 1 0
github.com/LWDJD/ipfar-sdk/verify/ipfs/index.go:320.2,321.16 2 1
github.com/LWDJD/ipfar-sdk/verify/ipfs/index.go:321.16,323.3 1 0
github.com/LWDJD/ipfar-sdk/verify/ipfs/index.go:326.2,327.32 2 1
github.com/LWDJD/ipfar-sdk/verify/ipfs/index.go:327.32,329.3 1 1
github.com/LWDJD/ipfar-sdk/verify/ipfs/index.go:332.2,335.25 3 1
github.com/LWDJD/ipfar-sdk/verify/ipfs/index.go:335.25,337.17 2 1
github.com/LWDJD/ipfar-sdk/verify/ipfs/index.go:337.17,338.21 1 0
github.com/LWDJD/ipfar-sdk/verify/ipfs/index.go:338.21,339.10 1 0
github.com/LWDJD/ipfar-sdk/verify/ipfs/index.go:341.4,341.73 1 0
github.com/LWDJD/ipfar-sdk/verify/ipfs/index.go:344.3,344.22 1 1
github.com/LWDJD/ipfar-sdk/verify/ipfs/index.go:344.22,345.9 1 0
github.com/LWDJD/ipfar-sdk/verify/ipfs/index.go:348.3,351.34 4 1
github.com/LWDJD/ipfar-sdk/verify/ipfs/index.go:351.34,353.4 1 0
github.com/LWDJD/ipfar-sdk/verify/ipfs/index.go:355.3,356.17 2 1
github.com/LWDJD/ipfar-sdk/verify/ipfs/index.go:356.17,358.4 1 0
github.com/LWDJD/ipfar-sdk/verify/ipfs/index.go:361.3,363.13 3 1
github.com/LWDJD/ipfar-sdk/verify/ipfs/index.go:363.13,366.4 1 0
github.com/LWDJD/ipfar-sdk/verify/ipfs/index.go:367.3,367.35 1 1
github.com/LWDJD/ipfar-sdk/verify/ipfs/index.go:367.35,370.4 1 0
github.com/LWDJD/ipfar-sdk/verify/ipfs/index.go:372.3,374.54 3 1
github.com/LWDJD/ipfar-sdk/verify/ipfs/index.go:377.2,377.12 1 1
github.com/LWDJD/ipfar-sdk/verify/ipfs/index.go:381.55,383.16 2 1
github.com/LWDJD/ipfar-sdk/verify/ipfs/index.go:383.16,385.3 1 0
github.com/LWDJD/ipfar-sdk/verify/ipfs/index.go:387.2,387.23 1 1
github.com/LWDJD/ipfar-sdk/verify/ipfs/index.go:387.23,389.3 1 0
github.com/LWDJD/ipfar-sdk/verify/ipfs/index.go:393.2,393.26 1 1
github.com/LWDJD/ipfar-sdk/verify/ipfs/index.go:393.26,397.17 3 1
github.com/LWDJD/ipfar-sdk/verify/ipfs/index.go:397.17,399.4 1 0
github.com/LWDJD/ipfar-sdk/verify/ipfs/index.go:400.3,400.13 1 1
github.com/LWDJD/ipfar-sdk/verify/ipfs/index.go:400.13,402.4 1 0
github.com/LWDJD/ipfar-sdk/verify/ipfs/index.go:405.3,406.21 2 1
github.com/LWDJD/ipfar-sdk/verify/ipfs/index.go:407.15,408.31 1 0
github.com/LWDJD/ipfar-sdk/verify/ipfs/index.go:409.15,410.34 1 0
github.com/LWDJD/ipfar-sdk/verify/ipfs/index.go:411.15,412.28 1 0
github.com/LWDJD/ipfar-sdk/verify/ipfs/index.go:413.11,414.32 1 1
github.com/LWDJD/ipfar-sdk/verify/ipfs/index.go:418.2,418.30 1 0
github.com/LWDJD/ipfar-sdk/verify/ipfs/index.go:427.38,431.2 1 1
github.com/LWDJD/ipfar-sdk/verify/ipfs/index.go:434.60,436.2 1 1
github.com/LWDJD/ipfar-sdk/verify/ipfs/index.go:440.40,443.35 2 1
github.com/LWDJD/ipfar-sdk/verify/ipfs/index.go:443.35,455.3 7 1
github.com/LWDJD/ipfar-sdk/verify/ipfs/index.go:457.2,457.20 1 1
github.com/LWDJD/ipfar-sdk/verify/ipfs/index.go:461.43,464.35 2 1
github.com/LWDJD/ipfar-sdk/verify/ipfs/index.go:464.35,469.3 4 1
github.com/LWDJD/ipfar-sdk/verify/ipfs/index.go:471.2,471.20 1 1
github.com/LWDJD/ipfar-sdk/verify/ipfs/index.go:475.42,477.2 1 1
github.com/LWDJD/ipfar-sdk/verify/metadata/metadata.go:72.48,73.20 1 1
github.com/LWDJD/ipfar-sdk/verify/metadata/metadata.go:73.20,75.3 1 1
github.com/LWDJD/ipfar-sdk/verify/metadata/metadata.go:77.2,78.52 2 1
github.com/LWDJD/ipfar-sdk/verify/metadata/metadata.go:78.52,80.3 1 1
github.com/LWDJD/ipfar-sdk/verify/metadata/metadata.go:82.2,82.19 1 1
github.com/LWDJD/ipfar-sdk/verify/metadata/metadata.go:87.60,88.19 1 1
github.com/LWDJD/ipfar-sdk/verify/metadata/metadata.go:88.19,90.3 1 1
github.com/LWDJD/ipfar-sdk/verify/metadata/metadata.go:92.2,93.16 2 1
github.com/LWDJD/ipfar-sdk/verify/metadata/metadata.go:93.16,96.17 2 1
github.com/LWDJD/ipfar-sdk/verify/metadata/metadata.go:96.17,98.4 1 1
github.com/LWDJD/ipfar-sdk/verify/metadata/metadata.go:101.2,101.27 1 1
github.com/LWDJD/ipfar-sdk/verify/metadata/metadata.go:106.37,108.20 1 1
github.com/LWDJD/ipfar-sdk/verify/metadata/metadata.go:108.20,110.3 1 1
github.com/LWDJD/ipfar-sdk/verify/metadata/metadata.go:111.2,111.27 1 1
github.com/LWDJD/ipfar-sdk/verify/metadata/metadata.go:111.27,113.3 1 1
github.com/LWDJD/ipfar-sdk/verify/metadata/metadata.go:116.2,116.20 1 1
github.com/LWDJD/ipfar-sdk/verify/metadata/metadata.go:116.20,118.3 1 1
github.com/LWDJD/ipfar-sdk/verify/metadata/metadata.go:119.2,119.55 1 1
github.com/LWDJD/ipfar-sdk/verify/metadata/metadata.go:119.55,121.3 1 1
github.com/LWDJD/ipfar-sdk/verify/metadata/metadata.go:124.2,124.21 1 1
github.com/LWDJD/ipfar-sdk/verify/metadata/metadata.go:124.21,126.3 1 1
github.com/LWDJD/ipfar-sdk/verify/metadata/metadata.go:127.2,127.34 1 1
github.com/LWDJD/ipfar-sdk/verify/metadata/metadata.go:127.34,129.3 1 1
github.com/LWDJD/ipfar-sdk/verify/metadata/metadata.go:132.2,132.22 1 1
github.com/LWDJD/ipfar-sdk/verify/metadata/metadata.go:132.22,134.3 1 1
github.com/LWDJD/ipfar-sdk/verify/metadata/metadata.go:135.2,135.36 1 1
github.com/LWDJD/ipfar-sdk/verify/metadata/metadata.go:135.36,137.3 1 1
github.com/LWDJD/ipfar-sdk/verify/metadata/metadata.go:140.2,140.22 1 1
github.com/LWDJD/ipfar-sdk/verify/metadata/metadata.go:140.22,142.3 1 1
github.com/LWDJD/ipfar-sdk/verify/metadata/metadata.go:146.2,146.21 1 1
github.com/LWDJD/ipfar-sdk/verify/metadata/metadata.go:146.21,148.3 1 1
github.com/LWDJD/ipfar-sdk/verify/metadata/metadata.go:151.2,151.24 1 1
github.com/LWDJD/ipfar-sdk/verify/metadata/metadata.go:151.24,152.56 1 1
github.com/LWDJD/ipfar-sdk/verify/metadata/metadata.go:152.56,154.4 1 1
github.com/LWDJD/ipfar-sdk/verify/metadata/metadata.go:158.2,158.38 1 1
github.com/LWDJD/ipfar-sdk/verify/metadata/metadata.go:158.38,159.18 1 1
github.com/LWDJD/ipfar-sdk/verify/metadata/metadata.go:159.18,161.4 1 1
github.com/LWDJD/ipfar-sdk/verify/metadata/metadata.go:162.3,162.21 1 1
github.com/LWDJD/ipfar-sdk/verify/metadata/metadata.go:162.21,164.4 1 1
github.com/LWDJD/ipfar-sdk/verify/metadata/metadata.go:172.2,172.12 1 1
github.com/LWDJD/ipfar-sdk/verify/metadata/metadata.go:176.36,178.2 1 1
github.com/LWDJD/ipfar-sdk/verify/metadata/metadata.go:181.40,183.2 1 1
github.com/LWDJD/ipfar-sdk/verify/metadata/metadata.go:186.45,188.2 1 1
github.com/LWDJD/ipfar-sdk/verify/metadata/metadata.go:191.50,193.16 2 1
github.com/LWDJD/ipfar-sdk/verify/metadata/metadata.go:193.16,195.3 1 0
github.com/LWDJD/ipfar-sdk/verify/metadata/metadata.go:196.2,196.61 1 1
github.com/LWDJD/ipfar-sdk/verify/metadata/metadata.go:201.49,202.34 1 1
github.com/LWDJD/ipfar-sdk/verify/metadata/metadata.go:202.34,204.3 1 1
github.com/LWDJD/ipfar-sdk/verify/metadata/metadata.go:206.2,206.32 1 1
github.com/LWDJD/ipfar-sdk/verify/metadata/metadata.go:206.32,208.17 1 1
github.com/LWDJD/ipfar-sdk/verify/metadata/metadata.go:208.17,210.4 1 1
github.com/LWDJD/ipfar-sdk/verify/metadata/metadata.go:213.3,213.23 1 1
github.com/LWDJD/ipfar-sdk/verify/metadata/metadata.go:213.23,215.4 1 1
github.com/LWDJD/ipfar-sdk/verify/metadata/metadata.go:218.3,218.27 1 1
github.com/LWDJD/ipfar-sdk/verify/metadata/metadata.go:218.27,220.4 1 1
github.com/LWDJD/ipfar-sdk/verify/metadata/metadata.go:223.3,223.34 1 1
github.com/LWDJD/ipfar-sdk/verify/metadata/metadata.go:223.34,224.17 1 1
github.com/LWDJD/ipfar-sdk/verify/metadata/metadata.go:224.17,226.5 1 1
github.com/LWDJD/ipfar-sdk/verify/metadata/metadata.go:230.2,230.12 1 1
github.com/LWDJD/ipfar-sdk/verify/metadata/metadata.go:235.40,236.19 1 1
github.com/LWDJD/ipfar-sdk/verify/metadata/metadata.go:236.19,238.3 1 0
github.com/LWDJD/ipfar-sdk/verify/metadata/metadata.go:240.2,240.37 1 1
github.com/LWDJD/ipfar-sdk/verify/metadata/metadata.go:240.37,242.3 1 1
github.com/LWDJD/ipfar-sdk/verify/metadata/metadata.go:245.2,245.24 1 1
github.com/LWDJD/ipfar-sdk/verify/metadata/metadata.go:245.24,246.20 1 1
github.com/LWDJD/ipfar-sdk/verify/metadata/metadata.go:246.20,248.4 1 1
github.com/LWDJD/ipfar-sdk/verify/metadata/metadata.go:250.2,250.13 1 1
github.com/LWDJD/ipfar-sdk/verify/metadata/metadata.go:255.29,256.26 1 1
github.com/LWDJD/ipfar-sdk/verify/metadata/metadata.go:256.26,258.3 1 1
github.com/LWDJD/ipfar-sdk/verify/metadata/metadata.go:259.2,259.26 1 1
github.com/LWDJD/ipfar-sdk/verify/metadata/metadata.go:259.26,261.3 1 1
github.com/LWDJD/ipfar-sdk/verify/metadata/metadata.go:262.2,262.26 1 1
github.com/LWDJD/ipfar-sdk/verify/metadata/metadata.go:262.26,264.3 1 1
github.com/LWDJD/ipfar-sdk/verify/metadata/metadata.go:265.2,265.14 1 1
github.com/LWDJD/ipfar-sdk/verify/metadata/metadata.go:270.42,271.20 1 1
github.com/LWDJD/ipfar-sdk/verify/metadata/metadata.go:271.20,273.3 1 0
github.com/LWDJD/ipfar-sdk/verify/metadata/metadata.go:275.2,275.39 1 1
github.com/LWDJD/ipfar-sdk/verify/metadata/metadata.go:275.39,277.3 1 1
github.com/LWDJD/ipfar-sdk/verify/metadata/metadata.go:279.2,279.25 1 1
github.com/LWDJD/ipfar-sdk/verify/metadata/metadata.go:279.25,280.26 1 1
github.com/LWDJD/ipfar-sdk/verify/metadata/metadata.go:280.26,282.4 1 1
github.com/LWDJD/ipfar-sdk/verify/metadata/metadata.go:284.2,284.13 1 1
github.com/LWDJD/ipfar-sdk/verify/metadata/metadata.go:288.35,289.26 1 1
github.com/LWDJD/ipfar-sdk/verify/metadata/metadata.go:289.26,291.3 1 1
github.com/LWDJD/ipfar-sdk/verify/metadata/metadata.go:292.2,292.26 1 1
github.com/LWDJD/ipfar-sdk/verify/metadata/metadata.go:292.26,294.3 1 0
github.com/LWDJD/ipfar-sdk/verify/metadata/metadata.go:295.2,295.26 1 1
github.com/LWDJD/ipfar-sdk/verify/metadata/metadata.go:295.26,297.3 1 1
github.com/LWDJD/ipfar-sdk/verify/metadata/metadata.go:298.2,298.26 1 1
github.com/LWDJD/ipfar-sdk/verify/metadata/metadata.go:298.26,300.3 1 1
github.com/LWDJD/ipfar-sdk/verify/metadata/metadata.go:301.2,301.14 1 1
github.com/LWDJD/ipfar-sdk/verify/metadata/metadata.go:305.55,307.16 2 1
github.com/LWDJD/ipfar-sdk/verify/metadata/metadata.go:307.16,309.3 1 0
github.com/LWDJD/ipfar-sdk/verify/metadata/metadata.go:310.2,310.40 1 1
github.com/LWDJD/ipfar-sdk/verify/metadata/metadata.go:310.40,312.3 1 1
github.com/LWDJD/ipfar-sdk/verify/metadata/metadata.go:313.2,313.18 1 1
github.com/LWDJD/ipfar-sdk/verify/metadata/metadata.go:317.67,319.16 2 1
github.com/LWDJD/ipfar-sdk/verify/metadata/metadata.go:319.16,321.3 1 0
github.com/LWDJD/ipfar-sdk/verify/metadata/metadata.go:322.2,322.40 1 1
github.com/LWDJD/ipfar-sdk/verify/metadata/metadata.go:322.40,324.3 1 0
github.com/LWDJD/ipfar-sdk/verify/metadata/metadata.go:325.2,325.18 1 1
github.com/LWDJD/ipfar-sdk/verify/metadata/metadata.go:335.37,336.20 1 1
github.com/LWDJD/ipfar-sdk/verify/metadata/metadata.go:336.20,338.3 1 1
github.com/LWDJD/ipfar-sdk/verify/metadata/metadata.go:340.2,341.27 2 1
github.com/LWDJD/ipfar-sdk/verify/metadata/metadata.go:341.27,343.3 1 1
github.com/LWDJD/ipfar-sdk/verify/metadata/metadata.go:346.2,347.27 2 1
github.com/LWDJD/ipfar-sdk/verify/metadata/metadata.go:347.27,349.3 1 1
github.com/LWDJD/ipfar-sdk/verify/metadata/metadata.go:350.2,350.39 1 1
github.com/LWDJD/ipfar-sdk/verify/metadata/metadata.go:350.39,352.3 1 1
github.com/LWDJD/ipfar-sdk/verify/metadata/metadata.go:354.2,355.34 2 1
github.com/LWDJD/ipfar-sdk/verify/metadata/metadata.go:355.34,357.3 1 1
github.com/LWDJD/ipfar-sdk/verify/metadata/metadata.go:358.2,358.28 1 1
github.com/LWDJD/ipfar-sdk/verify/metadata/metadata.go:358.28,360.3 1 1
github.com/LWDJD/ipfar-sdk/verify/metadata/metadata.go:363.2,366.41 3 1
github.com/LWDJD/ipfar-sdk/verify/metadata/metadata.go:366.41,369.3 1 1
github.com/LWDJD/ipfar-sdk/verify/metadata/metadata.go:371.2,371.65 1 1
github.com/LWDJD/ipfar-sdk/verify/metadata/metadata.go:371.65,374.3 1 1
github.com/LWDJD/ipfar-sdk/verify/metadata/metadata.go:377.2,377.12 1 1
github.com/LWDJD/ipfar-sdk/verify/metadata/metadata.go:381.55,384.46 2 1
github.com/LWDJD/ipfar-sdk/verify/metadata/metadata.go:384.46,386.3 1 0
github.com/LWDJD/ipfar-sdk/verify/metadata/metadata.go:389.2,390.32 2 1
github.com/LWDJD/ipfar-sdk/verify/metadata/metadata.go:390.32,392.3 1 0
github.com/LWDJD/ipfar-sdk/verify/metadata/metadata.go:395.2,396.26 2 1
github.com/LWDJD/ipfar-sdk/verify/metadata/metadata.go:396.26,398.3 1 1
github.com/LWDJD/ipfar-sdk/verify/metadata/metadata.go:401.2,402.27 2 1
github.com/LWDJD/ipfar-sdk/verify/metadata/metadata.go:402.27,404.3 1 1
github.com/LWDJD/ipfar-sdk/verify/metadata/metadata.go:406.2,406.12 1 1
github.com/LWDJD/ipfar-sdk/verify/metadata/metadata.go:410.54,413.54 2 1
github.com/LWDJD/ipfar-sdk/verify/metadata/metadata.go:413.54,415.3 1 0
github.com/LWDJD/ipfar-sdk/verify/metadata/metadata.go:418.2,419.26 2 1
github.com/LWDJD/ipfar-sdk/verify/metadata/metadata.go:419.26,421.3 1 1
github.com/LWDJD/ipfar-sdk/verify/metadata/metadata.go:424.2,425.27 2 1
github.com/LWDJD/ipfar-sdk/verify/metadata/metadata.go:425.27,427.3 1 1
github.com/LWDJD/ipfar-sdk/verify/metadata/metadata.go:429.2,429.12 1 1
github.com/LWDJD/ipfar-sdk/verify/metadata/metadata.go:442.46,444.23 2 1
github.com/LWDJD/ipfar-sdk/verify/metadata/metadata.go:444.23,446.3 1 1
github.com/LWDJD/ipfar-sdk/verify/metadata/metadata.go:447.2,447.10 1 1
github.com/LWDJD/ipfar-sdk/verify/metadata/metadata.go:451.52,460.2 1 1
github.com/LWDJD/ipfar-sdk/verify/metadata/metadata.go:463.57,471.2 1 1
github.com/LWDJD/ipfar-sdk/verify/metadata/metadata.go:474.34,476.2 1 1
github.com/LWDJD/ipfar-sdk/verify/metadata/metadata.go:510.113,511.17 1 1
github.com/LWDJD/ipfar-sdk/verify/metadata/metadata.go:511.17,513.3 1 1
github.com/LWDJD/ipfar-sdk/verify/metadata/metadata.go:515.2,516.18 2 1
github.com/LWDJD/ipfar-sdk/verify/metadata/metadata.go:516.18,518.3 1 1
github.com/LWDJD/ipfar-sdk/verify/metadata/metadata.go:520.2,536.40 2 1
github.com/LWDJD/ipfar-sdk/verify/metadata/metadata.go:536.40,538.3 1 1
github.com/LWDJD/ipfar-sdk/verify/metadata/metadata.go:540.2,540.22 1 1
github.com/LWDJD/ipfar-sdk/verify/pow/pow.go:52.27,54.11 2 1
github.com/LWDJD/ipfar-sdk/verify/pow/pow.go:54.11,56.3 1 0
github.com/LWDJD/ipfar-sdk/verify/pow/pow.go:57.2,57.11 1 1
github.com/LWDJD/ipfar-sdk/verify/pow/pow.go:57.11,59.3 1 0
github.com/LWDJD/ipfar-sdk/verify/pow/pow.go:60.2,60.10 1 1
github.com/LWDJD/ipfar-sdk/verify/pow/pow.go:66.36,68.2 1 1
github.com/LWDJD/ipfar-sdk/verify/pow/pow.go:87.74,90.30 1 1
github.com/LWDJD/ipfar-sdk/verify/pow/pow.go:90.30,92.3 1 1
github.com/LWDJD/ipfar-sdk/verify/pow/pow.go:95.2,95.18 1 1
github.com/LWDJD/ipfar-sdk/verify/pow/pow.go:95.18,97.3 1 1
github.com/LWDJD/ipfar-sdk/verify/pow/pow.go:98.2,98.25 1 1
github.com/LWDJD/ipfar-sdk/verify/pow/pow.go:98.25,100.3 1 1
github.com/LWDJD/ipfar-sdk/verify/pow/pow.go:103.2,103.15 1 1
github.com/LWDJD/ipfar-sdk/verify/pow/pow.go:103.15,105.3 1 1
github.com/LWDJD/ipfar-sdk/verify/pow/pow.go:108.2,109.16 2 1
github.com/LWDJD/ipfar-sdk/verify/pow/pow.go:109.16,111.3 1 1
github.com/LWDJD/ipfar-sdk/verify/pow/pow.go:114.2,124.53 5 0
github.com/LWDJD/ipfar-sdk/verify/pow/pow.go:124.53,126.3 1 0
github.com/LWDJD/ipfar-sdk/verify/pow/pow.go:128.2,128.12 1 0
github.com/LWDJD/ipfar-sdk/verify/pow/pow.go:132.51,133.19 1 1
github.com/LWDJD/ipfar-sdk/verify/pow/pow.go:133.19,135.3 1 1
github.com/LWDJD/ipfar-sdk/verify/pow/pow.go:136.2,136.25 1 1
github.com/LWDJD/ipfar-sdk/verify/pow/pow.go:136.25,137.19 1 1
github.com/LWDJD/ipfar-sdk/verify/pow/pow.go:137.19,139.4 1 1
github.com/LWDJD/ipfar-sdk/verify/pow/pow.go:141.2,141.13 1 1
github.com/LWDJD/ipfar-sdk/verify/pow/pow.go:157.59,159.2 1 0
github.com/LWDJD/ipfar-sdk/verify/pow/pow.go:175.104,176.21 1 1
github.com/LWDJD/ipfar-sdk/verify/pow/pow.go:176.21,178.3 1 0
github.com/LWDJD/ipfar-sdk/verify/pow/pow.go:180.2,190.34 6 1
github.com/LWDJD/ipfar-sdk/verify/pow/pow.go:190.34,192.29 2 1
github.com/LWDJD/ipfar-sdk/verify/pow/pow.go:192.29,195.8 3 0
github.com/LWDJD/ipfar-sdk/verify/pow/pow.go:195.8,197.12 1 0
github.com/LWDJD/ipfar-sdk/verify/pow/pow.go:198.23,199.12 1 0
github.com/LWDJD/ipfar-sdk/verify/pow/pow.go:200.13,200.13 0 0
github.com/LWDJD/ipfar-sdk/verify/pow/pow.go:203.5,207.55 4 0
github.com/LWDJD/ipfar-sdk/verify/pow/pow.go:207.55,208.13 1 0
github.com/LWDJD/ipfar-sdk/verify/pow/pow.go:209.52,209.52 0 0
github.com/LWDJD/ipfar-sdk/verify/pow/pow.go:210.24,210.24 0 0
github.com/LWDJD/ipfar-sdk/verify/pow/pow.go:211.14,211.14 0 0
github.com/LWDJD/ipfar-sdk/verify/pow/pow.go:213.6,213.12 1 0
github.com/LWDJD/ipfar-sdk/verify/pow/pow.go:216.5,218.29 2 0
github.com/LWDJD/ipfar-sdk/verify/pow/pow.go:218.29,220.6 1 0
github.com/LWDJD/ipfar-sdk/verify/pow/pow.go:226.2,226.12 1 1
github.com/LWDJD/ipfar-sdk/verify/pow/pow.go:226.12,229.3 2 0
github.com/LWDJD/ipfar-sdk/verify/pow/pow.go:232.2,232.9 1 1
github.com/LWDJD/ipfar-sdk/verify/pow/pow.go:233.32,234.25 1 0
github.com/LWDJD/ipfar-sdk/verify/pow/pow.go:234.25,236.4 1 0
github.com/LWDJD/ipfar-sdk/verify/pow/pow.go:237.3,237.65 1 0
github.com/LWDJD/ipfar-sdk/verify/pow/pow.go:238.20,239.29 1 1
github.com/LWDJD/ipfar-sdk/arweave/chunked.go:72.56,80.56 6 1
github.com/LWDJD/ipfar-sdk/arweave/chunked.go:80.56,83.3 2 0
github.com/LWDJD/ipfar-sdk/arweave/chunked.go:85.2,89.8 1 1
github.com/LWDJD/ipfar-sdk/arweave/chunked.go:94.43,99.32 4 1
github.com/LWDJD/ipfar-sdk/arweave/chunked.go:99.32,103.56 3 1
github.com/LWDJD/ipfar-sdk/arweave/chunked.go:103.56,105.4 1 1
github.com/LWDJD/ipfar-sdk/arweave/chunked.go:107.3,115.26 5 1
github.com/LWDJD/ipfar-sdk/arweave/chunked.go:119.2,119.19 1 1
github.com/LWDJD/ipfar-sdk/arweave/chunked.go:119.19,126.3 2 1
github.com/LWDJD/ipfar-sdk/arweave/chunked.go:127.2,127.15 1 1
github.com/LWDJD/ipfar-sdk/arweave/chunked.go:131.57,133.28 2 1
github.com/LWDJD/ipfar-sdk/arweave/chunked.go:133.28,144.3 1 1
github.com/LWDJD/ipfar-sdk/arweave/chunked.go:145.2,145.15 1 1
github.com/LWDJD/ipfar-sdk/arweave/chunked.go:149.50,150.21 1 1
github.com/LWDJD/ipfar-sdk/arweave/chunked.go:150.21,152.3 1 1
github.com/LWDJD/ipfar-sdk/arweave/chunked.go:154.2,155.37 2 1
github.com/LWDJD/ipfar-sdk/arweave/chunked.go:155.37,158.23 3 1
github.com/LWDJD/ipfar-sdk/arweave/chunked.go:158.23,160.4 1 1
github.com/LWDJD/ipfar-sdk/arweave/chunked.go:161.3,161.57 1 1
github.com/LWDJD/ipfar-sdk/arweave/chunked.go:163.2,163.30 1 1
github.com/LWDJD/ipfar-sdk/arweave/chunked.go:167.54,168.18 1 1
github.com/LWDJD/ipfar-sdk/arweave/chunked.go:168.18,170.3 1 0
github.com/LWDJD/ipfar-sdk/arweave/chunked.go:172.2,185.3 5 1
github.com/LWDJD/ipfar-sdk/arweave/chunked.go:189.54,191.2 1 1
github.com/LWDJD/ipfar-sdk/arweave/chunked.go:194.73,195.25 1 1
github.com/LWDJD/ipfar-sdk/arweave/chunked.go:195.25,204.3 1 1
github.com/LWDJD/ipfar-sdk/arweave/chunked.go:206.2,206.27 1 1
github.com/LWDJD/ipfar-sdk/arweave/chunked.go:206.27,216.3 4 1
github.com/LWDJD/ipfar-sdk/arweave/chunked.go:218.2,218.12 1 0
github.com/LWDJD/ipfar-sdk/arweave/chunked.go:222.39,224.25 2 1
github.com/LWDJD/ipfar-sdk/arweave/chunked.go:224.25,226.3 1 1
github.com/LWDJD/ipfar-sdk/arweave/chunked.go:227.2,227.19 1 1
github.com/LWDJD/ipfar-sdk/arweave/chunked.go:281.148,283.2 1 1
github.com/LWDJD/ipfar-sdk/arweave/chunked.go:292.45,295.16 2 1
github.com/LWDJD/ipfar-sdk/arweave/chunked.go:295.16,297.3 1 0
github.com/LWDJD/ipfar-sdk/arweave/chunked.go:299.2,300.16 2 1
github.com/LWDJD/ipfar-sdk/arweave/chunked.go:300.16,302.3 1 0
github.com/LWDJD/ipfar-sdk/arweave/chunked.go:305.2,318.25 3 1
github.com/LWDJD/ipfar-sdk/arweave/chunked.go:318.25,323.3 1 1
github.com/LWDJD/ipfar-sdk/arweave/chunked.go:326.2,326.18 1 1
github.com/LWDJD/ipfar-sdk/arweave/chunked.go:326.18,328.17 2 1
github.com/LWDJD/ipfar-sdk/arweave/chunked.go:328.17,330.4 1 0
github.com/LWDJD/ipfar-sdk/arweave/chunked.go:331.3,332.66 2 1
github.com/LWDJD/ipfar-sdk/arweave/chunked.go:336.2,336.61 1 1
github.com/LWDJD/ipfar-sdk/arweave/chunked.go:336.61,338.3 1 0
github.com/LWDJD/ipfar-sdk/arweave/chunked.go:341.2,342.16 2 1
github.com/LWDJD/ipfar-sdk/arweave/chunked.go:342.16,344.3 1 0
github.com/LWDJD/ipfar-sdk/arweave/chunked.go:345.2,348.38 2 1
github.com/LWDJD/ipfar-sdk/arweave/chunked.go:348.38,349.56 1 1
github.com/LWDJD/ipfar-sdk/arweave/chunked.go:349.56,351.4 1 0
github.com/LWDJD/ipfar-sdk/arweave/chunked.go:355.2,356.16 2 1
github.com/LWDJD/ipfar-sdk/arweave/chunked.go:356.16,359.3 1 1
github.com/LWDJD/ipfar-sdk/arweave/chunked.go:361.2,361.43 1 1
github.com/LWDJD/ipfar-sdk/arweave/chunked.go:370.66,372.16 2 1
github.com/LWDJD/ipfar-sdk/arweave/chunked.go:372.16,374.3 1 0
github.com/LWDJD/ipfar-sdk/arweave/chunked.go:375.2,376.16 2 1
github.com/LWDJD/ipfar-sdk/arweave/chunked.go:376.16,378.3 1 0
github.com/LWDJD/ipfar-sdk/arweave/chunked.go:379.2,383.12 4 1
github.com/LWDJD/ipfar-sdk/arweave/chunked.go:387.60,390.28 2 1
github.com/LWDJD/ipfar-sdk/arweave/chunked.go:390.28,392.3 1 1
github.com/LWDJD/ipfar-sdk/arweave/chunked.go:394.2,407.21 3 1
github.com/LWDJD/ipfar-sdk/arweave/chunked.go:415.94,432.16 3 1
github.com/LWDJD/ipfar-sdk/arweave/chunked.go:432.16,434.3 1 0
github.com/LWDJD/ipfar-sdk/arweave/chunked.go:436.2,437.16 2 1
github.com/LWDJD/ipfar-sdk/arweave/chunked.go:437.16,439.3 1 0
github.com/LWDJD/ipfar-sdk/arweave/chunked.go:440.2,443.16 3 1
github.com/LWDJD/ipfar-sdk/arweave/chunked.go:443.16,445.3 1 0
github.com/LWDJD/ipfar-sdk/arweave/chunked.go:446.2,449.80 3 1
github.com/LWDJD/ipfar-sdk/arweave/chunked.go:449.80,451.3 1 0
github.com/LWDJD/ipfar-sdk/arweave/chunked.go:453.2,453.19 1 1
github.com/LWDJD/ipfar-sdk/arweave/chunked.go:457.94,458.45 1 1
github.com/LWDJD/ipfar-sdk/arweave/chunked.go:458.45,459.10 1 1
github.com/LWDJD/ipfar-sdk/arweave/chunked.go:460.21,461.20 1 0
github.com/LWDJD/ipfar-sdk/arweave/chunked.go:462.11,462.11 0 1
github.com/LWDJD/ipfar-sdk/arweave/chunked.go:465.3,477.17 5 1
github.com/LWDJD/ipfar-sdk/arweave/chunked.go:477.17,479.4 1 0
github.com/LWDJD/ipfar-sdk/arweave/chunked.go:481.3,482.17 2 1
github.com/LWDJD/ipfar-sdk/arweave/chunked.go:482.17,484.4 1 0
github.com/LWDJD/ipfar-sdk/arweave/chunked.go:485.3,488.17 3 1
github.com/LWDJD/ipfar-sdk/arweave/chunked.go:488.17,490.4 1 0
github.com/LWDJD/ipfar-sdk/arweave/chunked.go:491.3,493.39 2 1
github.com/LWDJD/ipfar-sdk/arweave/chunked.go:493.39,495.4 1 0
github.com/LWDJD/ipfar-sdk/arweave/chunked.go:497.2,497.12 1 1
github.com/LWDJD/ipfar-sdk/arweave/chunked.go:505.52,508.28 2 1
github.com/LWDJD/ipfar-sdk/arweave/chunked.go:508.28,512.3 3 1
github.com/LWDJD/ipfar-sdk/arweave/chunked.go:514.2,527.3 1 1
github.com/LWDJD/ipfar-sdk/arweave/chunked.go:535.68,541.2 2 1
github.com/LWDJD/ipfar-sdk/arweave/client.go:23.57,30.2 1 1
github.com/LWDJD/ipfar-sdk/arweave/client.go:33.56,35.2 1 1
github.com/LWDJD/ipfar-sdk/arweave/client.go:38.52,40.2 1 1
github.com/LWDJD/ipfar-sdk/arweave/client.go:47.73,49.16 2 1
github.com/LWDJD/ipfar-sdk/arweave/client.go:49.16,51.3 1 0
github.com/LWDJD/ipfar-sdk/arweave/client.go:52.2,53.16 2 1
github.com/LWDJD/ipfar-sdk/arweave/client.go:53.16,55.3 1 0
github.com/LWDJD/ipfar-sdk/arweave/client.go:56.2,58.16 3 1
github.com/LWDJD/ipfar-sdk/arweave/client.go:58.16,60.3 1 0
github.com/LWDJD/ipfar-sdk/arweave/client.go:62.2,62.46 1 1
github.com/LWDJD/ipfar-sdk/arweave/client.go:67.89,70.16 3 1
github.com/LWDJD/ipfar-sdk/arweave/client.go:70.16,72.3 1 0
github.com/LWDJD/ipfar-sdk/arweave/client.go:73.2,74.16 2 1
github.com/LWDJD/ipfar-sdk/arweave/client.go:74.16,76.3 1 0
github.com/LWDJD/ipfar-sdk/arweave/client.go:77.2,79.16 3 1
github.com/LWDJD/ipfar-sdk/arweave/client.go:79.16,81.3 1 0
github.com/LWDJD/ipfar-sdk/arweave/client.go:82.2,82.45 1 1
github.com/LWDJD/ipfar-sdk/arweave/client.go:87.98,89.16 2 1
github.com/LWDJD/ipfar-sdk/arweave/client.go:89.16,91.3 1 0
github.com/LWDJD/ipfar-sdk/arweave/client.go:93.2,94.16 2 1
github.com/LWDJD/ipfar-sdk/arweave/client.go:94.16,96.3 1 0
github.com/LWDJD/ipfar-sdk/arweave/client.go:97.2,100.16 3 1
github.com/LWDJD/ipfar-sdk/arweave/client.go:100.16,102.3 1 0
github.com/LWDJD/ipfar-sdk/arweave/client.go:103.2,106.80 3 1
github.com/LWDJD/ipfar-sdk/arweave/client.go:106.80,108.3 1 0
github.com/LWDJD/ipfar-sdk/arweave/client.go:110.2,110.19 1 1
github.com/LWDJD/ipfar-sdk/arweave/client.go:126.109,128.16 2 1
github.com/LWDJD/ipfar-sdk/arweave/client.go:128.16,130.3 1 0
github.com/LWDJD/ipfar-sdk/arweave/client.go:131.2,132.16 2 1
github.com/LWDJD/ipfar-sdk/arweave/client.go:132.16,134.3 1 0
github.com/LWDJD/ipfar-sdk/arweave/client.go:135.2,137.86 2 1
github.com/LWDJD/ipfar-sdk/arweave/client.go:137.86,139.3 1 1
github.com/LWDJD/ipfar-sdk/arweave/client.go:140.2,140.38 1 1
github.com/LWDJD/ipfar-sdk/arweave/client.go:140.38,142.3 1 0
github.com/LWDJD/ipfar-sdk/arweave/client.go:144.2,150.67 2 1
github.com/LWDJD/ipfar-sdk/arweave/client.go:150.67,152.3 1 0
github.com/LWDJD/ipfar-sdk/arweave/client.go:154.2,160.27 2 1
github.com/LWDJD/ipfar-sdk/arweave/client.go:160.27,161.71 1 1
github.com/LWDJD/ipfar-sdk/arweave/client.go:161.71,163.4 1 1
github.com/LWDJD/ipfar-sdk/arweave/client.go:166.2,166.20 1 1
github.com/LWDJD/ipfar-sdk/arweave/client.go:170.98,172.16 2 1
github.com/LWDJD/ipfar-sdk/arweave/client.go:172.16,174.3 1 0
github.com/LWDJD/ipfar-sdk/arweave/client.go:175.2,175.26 1 1
github.com/LWDJD/ipfar-sdk/arweave/client.go:175.26,177.3 1 0
github.com/LWDJD/ipfar-sdk/arweave/client.go:178.2,178.29 1 1
github.com/LWDJD/ipfar-sdk/arweave/client.go:184.153,185.35 1 1
github.com/LWDJD/ipfar-sdk/arweave/client.go:185.35,186.10 1 1
github.com/LWDJD/ipfar-sdk/arweave/client.go:187.21,188.25 1 0
github.com/LWDJD/ipfar-sdk/arweave/client.go:189.11,189.11 0 1
github.com/LWDJD/ipfar-sdk/arweave/client.go:192.3,193.63 2 1
github.com/LWDJD/ipfar-sdk/arweave/client.go:193.63,195.4 1 1
github.com/LWDJD/ipfar-sdk/arweave/client.go:197.3,197.10 1 1
github.com/LWDJD/ipfar-sdk/arweave/client.go:198.21,199.25 1 1
github.com/LWDJD/ipfar-sdk/arweave/client.go:200.35,200.35 0 0
github.com/LWDJD/ipfar-sdk/arweave/client.go:203.2,203.93 1 0
github.com/LWDJD/ipfar-sdk/arweave/client.go:230.110,231.16 1 1
github.com/LWDJD/ipfar-sdk/arweave/client.go:231.16,233.3 1 0
github.com/LWDJD/ipfar-sdk/arweave/client.go:235.2,254.39 4 1
github.com/LWDJD/ipfar-sdk/arweave/client.go:263.121,264.16 1 1
github.com/LWDJD/ipfar-sdk/arweave/client.go:264.16,266.3 1 0
github.com/LWDJD/ipfar-sdk/arweave/client.go:268.2,280.20 6 1
github.com/LWDJD/ipfar-sdk/arweave/client.go:280.20,284.3 2 1
github.com/LWDJD/ipfar-sdk/arweave/client.go:286.2,298.39 2 1
github.com/LWDJD/ipfar-sdk/arweave/client.go:302.95,305.16 3 1
github.com/LWDJD/ipfar-sdk/arweave/client.go:305.16,307.3 1 0
github.com/LWDJD/ipfar-sdk/arweave/client.go:309.2,310.16 2 1
github.com/LWDJD/ipfar-sdk/arweave/client.go:310.16,312.3 1 0
github.com/LWDJD/ipfar-sdk/arweave/client.go:313.2,316.16 3 1
github.com/LWDJD/ipfar-sdk/arweave/client.go:316.16,318.3 1 0
github.com/LWDJD/ipfar-sdk/arweave/client.go:319.2,322.38 3 1
github.com/LWDJD/ipfar-sdk/arweave/client.go:322.38,324.3 1 0
github.com/LWDJD/ipfar-sdk/arweave/client.go:326.2,327.59 2 1
github.com/LWDJD/ipfar-sdk/arweave/client.go:327.59,329.3 1 0
github.com/LWDJD/ipfar-sdk/arweave/client.go:331.2,332.52 2 1
github.com/LWDJD/ipfar-sdk/arweave/client.go:332.52,333.22 1 1
github.com/LWDJD/ipfar-sdk/arweave/client.go:333.22,335.4 1 1
github.com/LWDJD/ipfar-sdk/arweave/client.go:337.2,337.17 1 1
github.com/LWDJD/ipfar-sdk/arweave/client.go:342.100,345.16 3 1
github.com/LWDJD/ipfar-sdk/arweave/client.go:345.16,347.3 1 0
github.com/LWDJD/ipfar-sdk/arweave/client.go:349.2,350.16 2 1
github.com/LWDJD/ipfar-sdk/arweave/client.go:350.16,352.3 1 0
github.com/LWDJD/ipfar-sdk/arweave/client.go:353.2,355.86 2 1
github.com/LWDJD/ipfar-sdk/arweave/client.go:355.86,358.3 2 1
github.com/LWDJD/ipfar-sdk/arweave/client.go:360.2,361.16 2 1
github.com/LWDJD/ipfar-sdk/arweave/client.go:361.16,363.3 1 0
github.com/LWDJD/ipfar-sdk/arweave/client.go:365.2,365.18 1 1
github.com/LWDJD/ipfar-sdk/arweave/transaction.go:53.62,59.2 1 1
github.com/LWDJD/ipfar-sdk/arweave/transaction.go:62.52,62.70 1 1
github.com/LWDJD/ipfar-sdk/arweave/transaction.go:65.51,65.69 1 1
github.com/LWDJD/ipfar-sdk/arweave/transaction.go:69.58,71.2 1 1
github.com/LWDJD/ipfar-sdk/arweave/transaction.go:74.56,74.78 1 1
github.com/LWDJD/ipfar-sdk/arweave/transaction.go:77.56,77.78 1 1
github.com/LWDJD/ipfar-sdk/arweave/transaction.go:80.56,80.78 1 1
github.com/LWDJD/ipfar-sdk/arweave/transaction.go:85.52,87.22 2 1
github.com/LWDJD/ipfar-sdk/arweave/transaction.go:87.22,90.3 2 1
github.com/LWDJD/ipfar-sdk/arweave/transaction.go:92.2,103.3 1 1
github.com/LWDJD/ipfar-sdk/arweave/transaction.go:108.60,110.16 2 1
github.com/LWDJD/ipfar-sdk/arweave/transaction.go:110.16,112.3 1 0
github.com/LWDJD/ipfar-sdk/arweave/transaction.go:114.2,119.16 3 1
github.com/LWDJD/ipfar-sdk/arweave/transaction.go:119.16,121.3 1 0
github.com/LWDJD/ipfar-sdk/arweave/transaction.go:123.2,126.12 4 1
github.com/LWDJD/ipfar-sdk/arweave/transaction.go:132.49,135.28 2 1
github.com/LWDJD/ipfar-sdk/arweave/transaction.go:135.28,140.3 1 1
github.com/LWDJD/ipfar-sdk/arweave/transaction.go:142.2,156.24 2 1
github.com/LWDJD/ipfar-sdk/arweave/transaction.go:161.52,163.2 1 1
github.com/LWDJD/ipfar-sdk/arweave/transaction.go:171.56,189.2 3 1
github.com/LWDJD/ipfar-sdk/arweave/transaction.go:193.43,195.25 2 1
github.com/LWDJD/ipfar-sdk/arweave/transaction.go:195.25,200.3 1 1
github.com/LWDJD/ipfar-sdk/arweave/transaction.go:201.2,201.12 1 1
github.com/LWDJD/ipfar-sdk/arweave/transaction.go:206.48,210.2 3 1
github.com/LWDJD/ipfar-sdk/arweave/transaction.go:213.63,214.19 1 1
github.com/LWDJD/ipfar-sdk/arweave/transaction.go:214.19,216.3 1 1
github.com/LWDJD/ipfar-sdk/arweave/transaction.go:218.2,222.32 3 1
github.com/LWDJD/ipfar-sdk/arweave/transaction.go:222.32,224.3 1 1
github.com/LWDJD/ipfar-sdk/arweave/transaction.go:224.8,227.32 2 1
github.com/LWDJD/ipfar-sdk/arweave/transaction.go:227.32,229.33 2 1
github.com/LWDJD/ipfar-sdk/arweave/transaction.go:229.33,231.5 1 1
github.com/LWDJD/ipfar-sdk/arweave/transaction.go:232.4,232.29 1 1
github.com/LWDJD/ipfar-sdk/arweave/transaction.go:236.2,238.40 3 1
github.com/LWDJD/ipfar-sdk/arweave/transaction.go:243.39,245.16 2 1
github.com/LWDJD/ipfar-sdk/arweave/transaction.go:245.16,248.3 1 0
github.com/LWDJD/ipfar-sdk/arweave/transaction.go:249.2,253.30 5 1
github.com/LWDJD/ipfar-sdk/arweave/transaction.go:261.39,263.2 1 1
github.com/LWDJD/ipfar-sdk/arweave/transaction.go:266.45,268.2 1 1
github.com/LWDJD/ipfar-sdk/arweave/transaction.go:271.45,273.28 2 1
github.com/LWDJD/ipfar-sdk/arweave/transaction.go:273.28,275.3 1 1
github.com/LWDJD/ipfar-sdk/arweave/transaction.go:276.2,277.28 2 1
github.com/LWDJD/ipfar-sdk/arweave/transaction.go:277.28,279.3 1 1
github.com/LWDJD/ipfar-sdk/arweave/transaction.go:280.2,280.12 1 1
github.com/LWDJD/ipfar-sdk/arweave/transaction.go:284.37,287.2 2 1
github.com/LWDJD/ipfar-sdk/arweave/transaction.go:290.37,293.2 2 1
github.com/LWDJD/ipfar-sdk/arweave/transaction.go:297.41,299.15 2 1
github.com/LWDJD/ipfar-sdk/arweave/transaction.go:299.15,301.3 1 1
github.com/LWDJD/ipfar-sdk/arweave/transaction.go:301.8,303.3 1 1
github.com/LWDJD/ipfar-sdk/arweave/transaction.go:304.2,305.20 2 1
github.com/LWDJD/ipfar-sdk/arweave/transaction.go:305.20,308.3 2 1
github.com/LWDJD/ipfar-sdk/arweave/transaction.go:309.2,310.15 2 1
github.com/LWDJD/ipfar-sdk/arweave/transaction.go:314.40,316.37 2 1
github.com/LWDJD/ipfar-sdk/arweave/transaction.go:316.37,319.3 2 1
github.com/LWDJD/ipfar-sdk/arweave/transaction.go:320.2,320.12 1 1
github.com/LWDJD/ipfar-sdk/arweave/transaction.go:324.34,326.32 2 1
github.com/LWDJD/ipfar-sdk/arweave/transaction.go:326.32,328.3 1 1
github.com/LWDJD/ipfar-sdk/arweave/transaction.go:329.2,329.14 1 1
github.com/LWDJD/ipfar-sdk/arweave/transaction.go:333.35,335.40 2 1
github.com/LWDJD/ipfar-sdk/arweave/transaction.go:335.40,339.3 3 1
github.com/LWDJD/ipfar-sdk/arweave/transaction.go:340.2,340.15 1 1
github.com/LWDJD/ipfar-sdk/arweave/wallet.go:32.55,34.16 2 1
github.com/LWDJD/ipfar-sdk/arweave/wallet.go:34.16,36.3 1 0
github.com/LWDJD/ipfar-sdk/arweave/wallet.go:37.2,37.33 1 1
github.com/LWDJD/ipfar-sdk/arweave/wallet.go:41.55,43.51 2 1
github.com/LWDJD/ipfar-sdk/arweave/wallet.go:43.51,45.3 1 0
github.com/LWDJD/ipfar-sdk/arweave/wallet.go:46.2,46.31 1 1
github.com/LWDJD/ipfar-sdk/arweave/wallet.go:50.50,52.16 2 1
github.com/LWDJD/ipfar-sdk/arweave/wallet.go:52.16,54.3 1 0
github.com/LWDJD/ipfar-sdk/arweave/wallet.go:55.2,56.16 2 1
github.com/LWDJD/ipfar-sdk/arweave/wallet.go:56.16,58.3 1 0
github.com/LWDJD/ipfar-sdk/arweave/wallet.go:59.2,60.16 2 1
github.com/LWDJD/ipfar-sdk/arweave/wallet.go:60.16,62.3 1 0
github.com/LWDJD/ipfar-sdk/arweave/wallet.go:64.2,74.17 3 1
github.com/LWDJD/ipfar-sdk/arweave/wallet.go:74.17,76.17 2 1
github.com/LWDJD/ipfar-sdk/arweave/wallet.go:76.17,78.4 1 1
github.com/LWDJD/ipfar-sdk/arweave/wallet.go:80.2,80.17 1 1
github.com/LWDJD/ipfar-sdk/arweave/wallet.go:80.17,82.17 2 1
github.com/LWDJD/ipfar-sdk/arweave/wallet.go:82.17,84.4 1 1
github.com/LWDJD/ipfar-sdk/arweave/wallet.go:87.2,97.8 5 1
github.com/LWDJD/ipfar-sdk/arweave/wallet.go:101.53,103.16 2 1
github.com/LWDJD/ipfar-sdk/arweave/wallet.go:103.16,105.3 1 0
github.com/LWDJD/ipfar-sdk/arweave/wallet.go:106.2,106.41 1 1
